INFO:     Will watch for changes in these directories: ['/Users/ro/Desktop/DOCINTEL']
INFO:     Uvicorn running on http://0.0.0.0:8000 (Press CTRL+C to quit)
INFO:     Started reloader process [72151] using WatchFiles
INFO:     Started server process [72195]
INFO:     Waiting for application startup.
INFO:     Application startup complete.
INFO:     127.0.0.1:64643 - "GET /health HTTP/1.1" 200 OK
INFO:     127.0.0.1:64646 - "GET /health HTTP/1.1" 200 OK
WARNING:  WatchFiles detected changes in 'backend/main.py'. Reloading...
INFO:     Shutting down
INFO:     Waiting for application shutdown.
INFO:     Application shutdown complete.
INFO:     Finished server process [72195]
INFO:     Started server process [72461]
INFO:     Waiting for application startup.
INFO:     Application startup complete.
WARNING:  WatchFiles detected changes in 'backend/main.py'. Reloading...
INFO:     Shutting down
INFO:     Waiting for application shutdown.
INFO:     Application shutdown complete.
INFO:     Finished server process [72461]
INFO:     Started server process [72471]
INFO:     Waiting for application startup.
INFO:     Application startup complete.
INFO:     127.0.0.1:64663 - "GET /health HTTP/1.1" 200 OK
INFO:     127.0.0.1:64675 - "GET / HTTP/1.1" 200 OK
WARNING:  WatchFiles detected changes in 'backend/main.py'. Reloading...
INFO:     Shutting down
INFO:     Waiting for application shutdown.
INFO:     Application shutdown complete.
INFO:     Finished server process [72471]
INFO:     Started server process [73020]
INFO:     Waiting for application startup.
INFO:     Application startup complete.
WARNING:  WatchFiles detected changes in 'backend/main.py'. Reloading...
INFO:     Shutting down
INFO:     Waiting for application shutdown.
INFO:     Application shutdown complete.
INFO:     Finished server process [73020]
INFO:     Started server process [73032]
INFO:     Waiting for application startup.
INFO:     Application startup complete.
WARNING:  WatchFiles detected changes in 'backend/answer_generator.py'. Reloading...
INFO:     Shutting down
INFO:     Waiting for application shutdown.
INFO:     Application shutdown complete.
INFO:     Finished server process [73032]
INFO:     Started server process [73037]
INFO:     Waiting for application startup.
INFO:     Application startup complete.
WARNING:  WatchFiles detected changes in 'backend/answer_generator.py'. Reloading...
INFO:     Shutting down
INFO:     Waiting for application shutdown.
INFO:     Application shutdown complete.
INFO:     Finished server process [73037]
INFO:     Started server process [73045]
INFO:     Waiting for application startup.
INFO:     Application startup complete.
INFO:     127.0.0.1:64774 - "GET /health HTTP/1.1" 200 OK
INFO:     127.0.0.1:64778 - "GET /health HTTP/1.1" 200 OK
Both GOOGLE_API_KEY and GEMINI_API_KEY are set. Using GOOGLE_API_KEY.
INFO:     127.0.0.1:64781 - "POST /api/ask HTTP/1.1" 200 OK
Both GOOGLE_API_KEY and GEMINI_API_KEY are set. Using GOOGLE_API_KEY.
INFO:     127.0.0.1:64786 - "POST /api/ask HTTP/1.1" 200 OK
Both GOOGLE_API_KEY and GEMINI_API_KEY are set. Using GOOGLE_API_KEY.
INFO:     127.0.0.1:64798 - "POST /api/ask HTTP/1.1" 200 OK
