INFO:     Will watch for changes in these directories: ['/Users/ro/Desktop/DOCINTEL']
INFO:     Uvicorn running on http://0.0.0.0:9000 (Press CTRL+C to quit)
INFO:     Started reloader process [76375] using WatchFiles
INFO:     Started server process [76418]
INFO:     Waiting for application startup.
INFO:     Application startup complete.
INFO:     127.0.0.1:64871 - "GET /health HTTP/1.1" 200 OK
INFO:     127.0.0.1:64876 - "GET /health HTTP/1.1" 200 OK
INFO:     127.0.0.1:64888 - "GET / HTTP/1.1" 200 OK
INFO:     127.0.0.1:64888 - "GET /favicon.ico HTTP/1.1" 404 Not Found
INFO:     127.0.0.1:64993 - "OPTIONS /api/ask HTTP/1.1" 200 OK
Both GOOGLE_API_KEY and GEMINI_API_KEY are set. Using GOOGLE_API_KEY.
INFO:     127.0.0.1:64993 - "POST /api/ask HTTP/1.1" 200 OK
Both GOOGLE_API_KEY and GEMINI_API_KEY are set. Using GOOGLE_API_KEY.
Both GOOGLE_API_KEY and GEMINI_API_KEY are set. Using GOOGLE_API_KEY.
INFO:     127.0.0.1:49237 - "POST /api/ask HTTP/1.1" 200 OK
INFO:     127.0.0.1:49418 - "OPTIONS /api/ask HTTP/1.1" 200 OK
Both GOOGLE_API_KEY and GEMINI_API_KEY are set. Using GOOGLE_API_KEY.
INFO:     127.0.0.1:49418 - "POST /api/ask HTTP/1.1" 200 OK
Both GOOGLE_API_KEY and GEMINI_API_KEY are set. Using GOOGLE_API_KEY.
INFO:     127.0.0.1:49419 - "POST /api/ask HTTP/1.1" 200 OK
INFO:     127.0.0.1:51930 - "GET /health HTTP/1.1" 200 OK
Both GOOGLE_API_KEY and GEMINI_API_KEY are set. Using GOOGLE_API_KEY.
INFO:     127.0.0.1:51947 - "POST /api/ask HTTP/1.1" 200 OK
INFO:     127.0.0.1:52015 - "GET /health HTTP/1.1" 200 OK
INFO:     127.0.0.1:61318 - "GET /health HTTP/1.1" 200 OK
INFO:     127.0.0.1:61318 - "GET /favicon.ico HTTP/1.1" 404 Not Found
INFO:     127.0.0.1:61321 - "GET /health HTTP/1.1" 200 OK
INFO:     127.0.0.1:61344 - "GET /health HTTP/1.1" 200 OK
WARNING:  WatchFiles detected changes in 'venv/lib/python3.14/site-packages/jose/backends/cryptography_backend.py'. Reloading...
INFO:     Shutting down
INFO:     Waiting for application shutdown.
INFO:     Application shutdown complete.
INFO:     Finished server process [76418]
WARNING:  WatchFiles detected changes in 'venv/lib/python3.14/site-packages/sqlalchemy/__init__.py'. Reloading...
WARNING:  WatchFiles detected changes in 'venv/lib/python3.14/site-packages/fastapi/middleware/cors.py', 'venv/lib/python3.14/site-packages/sqlalchemy/orm/__init__.py'. Reloading...
WARNING:  WatchFiles detected changes in 'venv/lib/python3.14/site-packages/fastapi/exceptions.py', 'venv/lib/python3.14/site-packages/uvicorn/server.py'. Reloading...
WARNING:  WatchFiles detected changes in 'venv/lib/python3.14/site-packages/pip/_internal/cli/spinners.py', 'venv/lib/python3.14/site-packages/sqlalchemy/engine/base.py'. Reloading...
WARNING:  WatchFiles detected changes in 'venv/lib/python3.14/site-packages/jose/jwt.py', 'venv/lib/python3.14/site-packages/starlette/middleware/cors.py'. Reloading...
WARNING:  WatchFiles detected changes in 'backend/answer_generator.py'. Reloading...
WARNING:  WatchFiles detected changes in 'venv/lib/python3.14/site-packages/pip/_vendor/rich/console.py'. Reloading...
WARNING:  WatchFiles detected changes in 'venv/lib/python3.14/site-packages/click/__init__.py'. Reloading...
WARNING:  WatchFiles detected changes in 'venv/lib/python3.14/site-packages/pip/_internal/cli/main.py'. Reloading...
WARNING:  WatchFiles detected changes in 'venv/lib/python3.14/site-packages/pip/_vendor/rich/style.py'. Reloading...
WARNING:  WatchFiles detected changes in 'venv/lib/python3.14/site-packages/starlette/__init__.py'. Reloading...
WARNING:  WatchFiles detected changes in 'venv/lib/python3.14/site-packages/pip/_internal/cli/autocompletion.py', 'venv/lib/python3.14/site-packages/starlette/middleware/__init__.py', 'venv/lib/python3.14/site-packages/sqlalchemy/event/__init__.py', 'venv/lib/python3.14/site-packages/psycopg2/__init__.py'. Reloading...
WARNING:  WatchFiles detected changes in 'backend/test_ai.py', 'venv/lib/python3.14/site-packages/click/core.py'. Reloading...
WARNING:  WatchFiles detected changes in 'venv/lib/python3.14/site-packages/sqlalchemy/pool/impl.py'. Reloading...
WARNING:  WatchFiles detected changes in 'backend/database.py', 'venv/lib/python3.14/site-packages/click/types.py'. Reloading...
WARNING:  WatchFiles detected changes in 'venv/lib/python3.14/site-packages/sqlalchemy/engine/create.py', 'venv/lib/python3.14/site-packages/sqlalchemy/engine/__init__.py', 'venv/lib/python3.14/site-packages/uvicorn/config.py', 'venv/lib/python3.14/site-packages/sqlalchemy/orm/session.py', 'venv/lib/python3.14/site-packages/sqlalchemy/engine/interfaces.py', 'venv/lib/python3.14/site-packages/sqlalchemy/sql/schema.py'. Reloading...
WARNING:  WatchFiles detected changes in 'venv/lib/python3.14/site-packages/google/genai/__init__.py'. Reloading...
WARNING:  WatchFiles detected changes in 'venv/lib/python3.14/site-packages/uvicorn/__init__.py', 'venv/lib/python3.14/site-packages/sqlalchemy/event/registry.py', 'venv/lib/python3.14/site-packages/sqlalchemy/engine/default.py', 'venv/lib/python3.14/site-packages/pip/_vendor/rich/default_styles.py'. Reloading...
WARNING:  WatchFiles detected changes in 'venv/lib/python3.14/site-packages/sqlalchemy/pool/base.py', 'venv/lib/python3.14/site-packages/sqlalchemy/util/langhelpers.py', 'venv/lib/python3.14/site-packages/pip/_internal/cli/main_parser.py', 'venv/lib/python3.14/site-packages/jose/backends/__init__.py', 'venv/lib/python3.14/site-packages/sqlalchemy/util/__init__.py', 'venv/lib/python3.14/site-packages/jose/jws.py', 'venv/lib/python3.14/site-packages/sqlalchemy/util/deprecations.py', 'backend/auth.py', 'venv/lib/python3.14/site-packages/pip/_vendor/rich/color.py', 'venv/lib/python3.14/site-packages/uvicorn/importer.py', 'venv/lib/python3.14/site-packages/uvicorn/main.py', 'venv/lib/python3.14/site-packages/pip/_internal/build_env.py', 'backend/schemas.py', 'venv/lib/python3.14/site-packages/uvicorn/__main__.py', 'backend/__init__.py', 'venv/lib/python3.14/site-packages/sqlalchemy/log.py', 'venv/lib/python3.14/site-packages/fastapi/param_functions.py', 'venv/lib/python3.14/site-packages/fastapi/__init__.py', 'backend/main.py', 'venv/lib/python3.14/site-packages/bs4/__init__.py', 'venv/lib/python3.14/site-packages/jose/jwk.py', 'venv/lib/python3.14/site-packages/fastapi/applications.py', 'venv/lib/python3.14/site-packages/fastapi/middleware/__init__.py', 'venv/lib/python3.14/site-packages/pip/_vendor/rich/themes.py', 'backend/models.py', 'venv/lib/python3.14/site-packages/uvicorn/_subprocess.py', 'venv/lib/python3.14/site-packages/sqlalchemy/engine/url.py'. Reloading...
WARNING:  WatchFiles detected changes in 'backend/auth.py'. Reloading...
WARNING:  WatchFiles detected changes in 'backend/models.py'. Reloading...
WARNING:  WatchFiles detected changes in 'backend/schemas.py'. Reloading...
WARNING:  WatchFiles detected changes in 'backend/test_ai.py'. Reloading...
INFO:     Started server process [27625]
INFO:     Waiting for application startup.
INFO:     Application startup complete.
WARNING:  WatchFiles detected changes in 'backend/auth.py', 'backend/test_ai.py', 'backend/schemas.py'. Reloading...
INFO:     Shutting down
INFO:     Waiting for application shutdown.
INFO:     Application shutdown complete.
INFO:     Finished server process [27625]
WARNING:  WatchFiles detected changes in 'backend/models.py'. Reloading...
WARNING:  WatchFiles detected changes in 'backend/auth.py'. Reloading...
WARNING:  WatchFiles detected changes in 'backend/models.py'. Reloading...
WARNING:  WatchFiles detected changes in 'backend/schemas.py'. Reloading...
WARNING:  WatchFiles detected changes in 'backend/test_ai.py'. Reloading...
INFO:     Started server process [37566]
INFO:     Waiting for application startup.
INFO:     Application startup complete.
WARNING:  WatchFiles detected changes in 'backend/database.py'. Reloading...
INFO:     Shutting down
INFO:     Waiting for application shutdown.
INFO:     Application shutdown complete.
INFO:     Finished server process [37566]
WARNING:  WatchFiles detected changes in 'venv/lib/python3.14/site-packages/passlib/__init__.py'. Reloading...
INFO:     Started server process [40877]
INFO:     Waiting for application startup.
INFO:     Application startup complete.
INFO:     Shutting down
INFO:     Waiting for application shutdown.
INFO:     Application shutdown complete.
INFO:     Finished server process [40877]
WARNING:  WatchFiles detected changes in 'backend/main.py', 'backend/answer_generator.py', 'venv/lib/python3.14/site-packages/passlib/context.py', 'venv/lib/python3.14/site-packages/jose/__init__.py'. Reloading...
INFO:     Started server process [40897]
INFO:     Waiting for application startup.
INFO:     Application startup complete.
INFO:     Shutting down
INFO:     Waiting for application shutdown.
INFO:     Application shutdown complete.
INFO:     Finished server process [40897]
WARNING:  WatchFiles detected changes in 'venv/lib/python3.14/site-packages/jose/jwt.py'. Reloading...
INFO:     Started server process [40907]
INFO:     Waiting for application startup.
INFO:     Application startup complete.
INFO:     Shutting down
INFO:     Waiting for application shutdown.
INFO:     Application shutdown complete.
INFO:     Finished server process [40907]
WARNING:  WatchFiles detected changes in 'venv/lib/python3.14/site-packages/sqlalchemy/__init__.py', 'venv/lib/python3.14/site-packages/sqlalchemy/engine/__init__.py'. Reloading...
INFO:     Started server process [40909]
INFO:     Waiting for application startup.
INFO:     Application startup complete.
INFO:     Shutting down
INFO:     Waiting for application shutdown.
INFO:     Application shutdown complete.
INFO:     Finished server process [40909]
WARNING:  WatchFiles detected changes in 'venv/lib/python3.14/site-packages/sqlalchemy/engine/create.py'. Reloading...
INFO:     Started server process [40921]
INFO:     Waiting for application startup.
INFO:     Application startup complete.
INFO:     Shutting down
INFO:     Waiting for application shutdown.
INFO:     Application shutdown complete.
INFO:     Finished server process [40921]
WARNING:  WatchFiles detected changes in 'venv/lib/python3.14/site-packages/sqlalchemy/util/__init__.py', 'venv/lib/python3.14/site-packages/sqlalchemy/util/deprecations.py'. Reloading...
INFO:     Started server process [40927]
INFO:     Waiting for application startup.
INFO:     Application startup complete.
INFO:     Shutting down
INFO:     Waiting for application shutdown.
INFO:     Application shutdown complete.
INFO:     Finished server process [40927]
WARNING:  WatchFiles detected changes in 'venv/lib/python3.14/site-packages/sqlalchemy/orm/decl_api.py', 'venv/lib/python3.14/site-packages/sqlalchemy/orm/__init__.py', 'venv/lib/python3.14/site-packages/sqlalchemy/orm/session.py'. Reloading...
